// Jest Snapshot v1, https://goo.gl/fbAQLP

exports[`Document should render correctly 1`] = `
<div>
  <html
    lang="en"
  >
    <body>
      <div
        id="main"
      />
    </body>
  </html>
</div>
`;
